<?xml version="1.0" encoding="utf-8"?><testsuites><testsuite name="pytest" errors="0" failures="0" skipped="0" tests="4" time="4.008" timestamp="2026-06-25T22:35:41.366801" hostname="Nikhils-MacBook-Air.local"><testcase classname="tests.step_defs.test_auth_steps" name="test_investor_logs_in_successfully" time="0.940" /><testcase classname="tests.step_defs.test_auth_steps" name="test_login_fails_with_an_invalid_password" time="0.464" /><testcase classname="tests.step_defs.test_order_steps" name="test_investor_places_and_confirms_a_mutual_fund_buy_order" time="1.651" /><testcase classname="tests.step_defs.test_order_steps" name="test_order_api_rejects_empty_products" time="0.936" /></testsuite></testsuites>